Refreshing run status every 30 seconds. Press Ctrl+C to quit.

* feat/owned-ip-check Release nobody396/gmshop-edge#81 · 34945861589
Triggered via workflow_dispatch about 1 minute ago

JOBS
* Create release (ID 104305012181)
  ✓ Set up job
  ✓ Check out repository and tags
  ✓ Set up Bun
  ✓ Set up Node.js
  ✓ Restore Bun and build caches
  ✓ Install locked dependencies
  * Run quality gate
  * Run semantic-release
  * Resolve released tag
  * Post Restore Bun and build caches
  * Post Set up Node.js
  * Post Set up Bun
  * Post Check out repository and tags
Refreshing run status every 30 seconds. Press Ctrl+C to quit.

* feat/owned-ip-check Release nobody396/gmshop-edge#81 · 34945861589
Triggered via workflow_dispatch about 2 minutes ago

JOBS
* Create release (ID 104305012181)
  ✓ Set up job
  ✓ Check out repository and tags
  ✓ Set up Bun
  ✓ Set up Node.js
  ✓ Restore Bun and build caches
  ✓ Install locked dependencies
  * Run quality gate
  * Run semantic-release
  * Resolve released tag
  * Post Restore Bun and build caches
  * Post Set up Node.js
  * Post Set up Bun
  * Post Check out repository and tags
Refreshing run status every 30 seconds. Press Ctrl+C to quit.

* feat/owned-ip-check Release nobody396/gmshop-edge#81 · 34945861589
Triggered via workflow_dispatch about 2 minutes ago

JOBS
* Create release (ID 104305012181)
  ✓ Set up job
  ✓ Check out repository and tags
  ✓ Set up Bun
  ✓ Set up Node.js
  ✓ Restore Bun and build caches
  ✓ Install locked dependencies
  * Run quality gate
  * Run semantic-release
  * Resolve released tag
  * Post Restore Bun and build caches
  * Post Set up Node.js
  * Post Set up Bun
  * Post Check out repository and tags
Refreshing run status every 30 seconds. Press Ctrl+C to quit.

* feat/owned-ip-check Release nobody396/gmshop-edge#81 · 34945861589
Triggered via workflow_dispatch about 3 minutes ago

JOBS
* Create release (ID 104305012181)
  ✓ Set up job
  ✓ Check out repository and tags
  ✓ Set up Bun
  ✓ Set up Node.js
  ✓ Restore Bun and build caches
  ✓ Install locked dependencies
  * Run quality gate
  * Run semantic-release
  * Resolve released tag
  * Post Restore Bun and build caches
  * Post Set up Node.js
  * Post Set up Bun
  * Post Check out repository and tags
Refreshing run status every 30 seconds. Press Ctrl+C to quit.

* feat/owned-ip-check Release nobody396/gmshop-edge#81 · 34945861589
Triggered via workflow_dispatch about 3 minutes ago

JOBS
* Create release (ID 104305012181)
  ✓ Set up job
  ✓ Check out repository and tags
  ✓ Set up Bun
  ✓ Set up Node.js
  ✓ Restore Bun and build caches
  ✓ Install locked dependencies
  * Run quality gate
  * Run semantic-release
  * Resolve released tag
  * Post Restore Bun and build caches
  * Post Set up Node.js
  * Post Set up Bun
  * Post Check out repository and tags
Refreshing run status every 30 seconds. Press Ctrl+C to quit.

* feat/owned-ip-check Release nobody396/gmshop-edge#81 · 34945861589
Triggered via workflow_dispatch about 4 minutes ago

JOBS
* Create release (ID 104305012181)
  ✓ Set up job
  ✓ Check out repository and tags
  ✓ Set up Bun
  ✓ Set up Node.js
  ✓ Restore Bun and build caches
  ✓ Install locked dependencies
  * Run quality gate
  * Run semantic-release
  * Resolve released tag
  * Post Restore Bun and build caches
  * Post Set up Node.js
  * Post Set up Bun
  * Post Check out repository and tags
Refreshing run status every 30 seconds. Press Ctrl+C to quit.

* feat/owned-ip-check Release nobody396/gmshop-edge#81 · 34945861589
Triggered via workflow_dispatch about 4 minutes ago

JOBS
* Create release (ID 104305012181)
  ✓ Set up job
  ✓ Check out repository and tags
  ✓ Set up Bun
  ✓ Set up Node.js
  ✓ Restore Bun and build caches
  ✓ Install locked dependencies
  * Run quality gate
  * Run semantic-release
  * Resolve released tag
  * Post Restore Bun and build caches
  * Post Set up Node.js
  * Post Set up Bun
  * Post Check out repository and tags
Refreshing run status every 30 seconds. Press Ctrl+C to quit.

* feat/owned-ip-check Release nobody396/gmshop-edge#81 · 34945861589
Triggered via workflow_dispatch about 5 minutes ago

JOBS
* Create release (ID 104305012181)
  ✓ Set up job
  ✓ Check out repository and tags
  ✓ Set up Bun
  ✓ Set up Node.js
  ✓ Restore Bun and build caches
  ✓ Install locked dependencies
  * Run quality gate
  * Run semantic-release
  * Resolve released tag
  * Post Restore Bun and build caches
  * Post Set up Node.js
  * Post Set up Bun
  * Post Check out repository and tags
Refreshing run status every 30 seconds. Press Ctrl+C to quit.

* feat/owned-ip-check Release nobody396/gmshop-edge#81 · 34945861589
Triggered via workflow_dispatch about 5 minutes ago

JOBS
* Create release (ID 104305012181)
  ✓ Set up job
  ✓ Check out repository and tags
  ✓ Set up Bun
  ✓ Set up Node.js
  ✓ Restore Bun and build caches
  ✓ Install locked dependencies
  * Run quality gate
  * Run semantic-release
  * Resolve released tag
  * Post Restore Bun and build caches
  * Post Set up Node.js
  * Post Set up Bun
  * Post Check out repository and tags
Refreshing run status every 30 seconds. Press Ctrl+C to quit.

* feat/owned-ip-check Release nobody396/gmshop-edge#81 · 34945861589
Triggered via workflow_dispatch about 6 minutes ago

JOBS
* Create release (ID 104305012181)
  ✓ Set up job
  ✓ Check out repository and tags
  ✓ Set up Bun
  ✓ Set up Node.js
  ✓ Restore Bun and build caches
  ✓ Install locked dependencies
  * Run quality gate
  * Run semantic-release
  * Resolve released tag
  * Post Restore Bun and build caches
  * Post Set up Node.js
  * Post Set up Bun
  * Post Check out repository and tags
Refreshing run status every 30 seconds. Press Ctrl+C to quit.

* feat/owned-ip-check Release nobody396/gmshop-edge#81 · 34945861589
Triggered via workflow_dispatch about 6 minutes ago

JOBS
* Create release (ID 104305012181)
  ✓ Set up job
  ✓ Check out repository and tags
  ✓ Set up Bun
  ✓ Set up Node.js
  ✓ Restore Bun and build caches
  ✓ Install locked dependencies
  * Run quality gate
  * Run semantic-release
  * Resolve released tag
  * Post Restore Bun and build caches
  * Post Set up Node.js
  * Post Set up Bun
  * Post Check out repository and tags
Refreshing run status every 30 seconds. Press Ctrl+C to quit.

* feat/owned-ip-check Release nobody396/gmshop-edge#81 · 34945861589
Triggered via workflow_dispatch about 7 minutes ago

JOBS
* Create release (ID 104305012181)
  ✓ Set up job
  ✓ Check out repository and tags
  ✓ Set up Bun
  ✓ Set up Node.js
  ✓ Restore Bun and build caches
  ✓ Install locked dependencies
  * Run quality gate
  * Run semantic-release
  * Resolve released tag
  * Post Restore Bun and build caches
  * Post Set up Node.js
  * Post Set up Bun
  * Post Check out repository and tags
Refreshing run status every 30 seconds. Press Ctrl+C to quit.

* feat/owned-ip-check Release nobody396/gmshop-edge#81 · 34945861589
Triggered via workflow_dispatch about 7 minutes ago

JOBS
* Create release (ID 104305012181)
  ✓ Set up job
  ✓ Check out repository and tags
  ✓ Set up Bun
  ✓ Set up Node.js
  ✓ Restore Bun and build caches
  ✓ Install locked dependencies
  * Run quality gate
  * Run semantic-release
  * Resolve released tag
  * Post Restore Bun and build caches
  * Post Set up Node.js
  * Post Set up Bun
  * Post Check out repository and tags
Refreshing run status every 30 seconds. Press Ctrl+C to quit.

* feat/owned-ip-check Release nobody396/gmshop-edge#81 · 34945861589
Triggered via workflow_dispatch about 8 minutes ago

JOBS
* Create release (ID 104305012181)
  ✓ Set up job
  ✓ Check out repository and tags
  ✓ Set up Bun
  ✓ Set up Node.js
  ✓ Restore Bun and build caches
  ✓ Install locked dependencies
  * Run quality gate
  * Run semantic-release
  * Resolve released tag
  * Post Restore Bun and build caches
  * Post Set up Node.js
  * Post Set up Bun
  * Post Check out repository and tags
Refreshing run status every 30 seconds. Press Ctrl+C to quit.

* feat/owned-ip-check Release nobody396/gmshop-edge#81 · 34945861589
Triggered via workflow_dispatch about 9 minutes ago

JOBS
* Create release (ID 104305012181)
  ✓ Set up job
  ✓ Check out repository and tags
  ✓ Set up Bun
  ✓ Set up Node.js
  ✓ Restore Bun and build caches
  ✓ Install locked dependencies
  * Run quality gate
  * Run semantic-release
  * Resolve released tag
  * Post Restore Bun and build caches
  * Post Set up Node.js
  * Post Set up Bun
  * Post Check out repository and tags
Refreshing run status every 30 seconds. Press Ctrl+C to quit.

* feat/owned-ip-check Release nobody396/gmshop-edge#81 · 34945861589
Triggered via workflow_dispatch about 9 minutes ago

JOBS
* Create release (ID 104305012181)
  ✓ Set up job
  ✓ Check out repository and tags
  ✓ Set up Bun
  ✓ Set up Node.js
  ✓ Restore Bun and build caches
  ✓ Install locked dependencies
  * Run quality gate
  * Run semantic-release
  * Resolve released tag
  * Post Restore Bun and build caches
  * Post Set up Node.js
  * Post Set up Bun
  * Post Check out repository and tags
Refreshing run status every 30 seconds. Press Ctrl+C to quit.

* feat/owned-ip-check Release nobody396/gmshop-edge#81 · 34945861589
Triggered via workflow_dispatch about 10 minutes ago

JOBS
* Create release (ID 104305012181)
  ✓ Set up job
  ✓ Check out repository and tags
  ✓ Set up Bun
  ✓ Set up Node.js
  ✓ Restore Bun and build caches
  ✓ Install locked dependencies
  * Run quality gate
  * Run semantic-release
  * Resolve released tag
  * Post Restore Bun and build caches
  * Post Set up Node.js
  * Post Set up Bun
  * Post Check out repository and tags
Refreshing run status every 30 seconds. Press Ctrl+C to quit.

* feat/owned-ip-check Release nobody396/gmshop-edge#81 · 34945861589
Triggered via workflow_dispatch about 10 minutes ago

JOBS
* Create release (ID 104305012181)
  ✓ Set up job
  ✓ Check out repository and tags
  ✓ Set up Bun
  ✓ Set up Node.js
  ✓ Restore Bun and build caches
  ✓ Install locked dependencies
  * Run quality gate
  * Run semantic-release
  * Resolve released tag
  * Post Restore Bun and build caches
  * Post Set up Node.js
  * Post Set up Bun
  * Post Check out repository and tags
Refreshing run status every 30 seconds. Press Ctrl+C to quit.

* feat/owned-ip-check Release nobody396/gmshop-edge#81 · 34945861589
Triggered via workflow_dispatch about 11 minutes ago

JOBS
* Create release (ID 104305012181)
  ✓ Set up job
  ✓ Check out repository and tags
  ✓ Set up Bun
  ✓ Set up Node.js
  ✓ Restore Bun and build caches
  ✓ Install locked dependencies
  * Run quality gate
  * Run semantic-release
  * Resolve released tag
  * Post Restore Bun and build caches
  * Post Set up Node.js
  * Post Set up Bun
  * Post Check out repository and tags
Refreshing run status every 30 seconds. Press Ctrl+C to quit.

* feat/owned-ip-check Release nobody396/gmshop-edge#81 · 34945861589
Triggered via workflow_dispatch about 11 minutes ago

JOBS
* Create release (ID 104305012181)
  ✓ Set up job
  ✓ Check out repository and tags
  ✓ Set up Bun
  ✓ Set up Node.js
  ✓ Restore Bun and build caches
  ✓ Install locked dependencies
  * Run quality gate
  * Run semantic-release
  * Resolve released tag
  * Post Restore Bun and build caches
  * Post Set up Node.js
  * Post Set up Bun
  * Post Check out repository and tags
Refreshing run status every 30 seconds. Press Ctrl+C to quit.

* feat/owned-ip-check Release nobody396/gmshop-edge#81 · 34945861589
Triggered via workflow_dispatch about 12 minutes ago

JOBS
* Create release (ID 104305012181)
  ✓ Set up job
  ✓ Check out repository and tags
  ✓ Set up Bun
  ✓ Set up Node.js
  ✓ Restore Bun and build caches
  ✓ Install locked dependencies
  * Run quality gate
  * Run semantic-release
  * Resolve released tag
  * Post Restore Bun and build caches
  * Post Set up Node.js
  * Post Set up Bun
  * Post Check out repository and tags
Refreshing run status every 30 seconds. Press Ctrl+C to quit.

* feat/owned-ip-check Release nobody396/gmshop-edge#81 · 34945861589
Triggered via workflow_dispatch about 12 minutes ago

JOBS
* Create release (ID 104305012181)
  ✓ Set up job
  ✓ Check out repository and tags
  ✓ Set up Bun
  ✓ Set up Node.js
  ✓ Restore Bun and build caches
  ✓ Install locked dependencies
  * Run quality gate
  * Run semantic-release
  * Resolve released tag
  * Post Restore Bun and build caches
  * Post Set up Node.js
  * Post Set up Bun
  * Post Check out repository and tags
Refreshing run status every 30 seconds. Press Ctrl+C to quit.

* feat/owned-ip-check Release nobody396/gmshop-edge#81 · 34945861589
Triggered via workflow_dispatch about 13 minutes ago

JOBS
* Create release (ID 104305012181)
  ✓ Set up job
  ✓ Check out repository and tags
  ✓ Set up Bun
  ✓ Set up Node.js
  ✓ Restore Bun and build caches
  ✓ Install locked dependencies
  * Run quality gate
  * Run semantic-release
  * Resolve released tag
  * Post Restore Bun and build caches
  * Post Set up Node.js
  * Post Set up Bun
  * Post Check out repository and tags
Refreshing run status every 30 seconds. Press Ctrl+C to quit.

* feat/owned-ip-check Release nobody396/gmshop-edge#81 · 34945861589
Triggered via workflow_dispatch about 13 minutes ago

JOBS
* Create release (ID 104305012181)
  ✓ Set up job
  ✓ Check out repository and tags
  ✓ Set up Bun
  ✓ Set up Node.js
  ✓ Restore Bun and build caches
  ✓ Install locked dependencies
  * Run quality gate
  * Run semantic-release
  * Resolve released tag
  * Post Restore Bun and build caches
  * Post Set up Node.js
  * Post Set up Bun
  * Post Check out repository and tags
Refreshing run status every 30 seconds. Press Ctrl+C to quit.

* feat/owned-ip-check Release nobody396/gmshop-edge#81 · 34945861589
Triggered via workflow_dispatch about 14 minutes ago

JOBS
* Create release (ID 104305012181)
  ✓ Set up job
  ✓ Check out repository and tags
  ✓ Set up Bun
  ✓ Set up Node.js
  ✓ Restore Bun and build caches
  ✓ Install locked dependencies
  * Run quality gate
  * Run semantic-release
  * Resolve released tag
  * Post Restore Bun and build caches
  * Post Set up Node.js
  * Post Set up Bun
  * Post Check out repository and tags
Refreshing run status every 30 seconds. Press Ctrl+C to quit.

* feat/owned-ip-check Release nobody396/gmshop-edge#81 · 34945861589
Triggered via workflow_dispatch about 14 minutes ago

JOBS
* Create release (ID 104305012181)
  ✓ Set up job
  ✓ Check out repository and tags
  ✓ Set up Bun
  ✓ Set up Node.js
  ✓ Restore Bun and build caches
  ✓ Install locked dependencies
  * Run quality gate
  * Run semantic-release
  * Resolve released tag
  * Post Restore Bun and build caches
  * Post Set up Node.js
  * Post Set up Bun
  * Post Check out repository and tags
Refreshing run status every 30 seconds. Press Ctrl+C to quit.

* feat/owned-ip-check Release nobody396/gmshop-edge#81 · 34945861589
Triggered via workflow_dispatch about 15 minutes ago

JOBS
* Create release (ID 104305012181)
  ✓ Set up job
  ✓ Check out repository and tags
  ✓ Set up Bun
  ✓ Set up Node.js
  ✓ Restore Bun and build caches
  ✓ Install locked dependencies
  * Run quality gate
  * Run semantic-release
  * Resolve released tag
  * Post Restore Bun and build caches
  * Post Set up Node.js
  * Post Set up Bun
  * Post Check out repository and tags
Refreshing run status every 30 seconds. Press Ctrl+C to quit.

* feat/owned-ip-check Release nobody396/gmshop-edge#81 · 34945861589
Triggered via workflow_dispatch about 16 minutes ago

JOBS
* Create release (ID 104305012181)
  ✓ Set up job
  ✓ Check out repository and tags
  ✓ Set up Bun
  ✓ Set up Node.js
  ✓ Restore Bun and build caches
  ✓ Install locked dependencies
  * Run quality gate
  * Run semantic-release
  * Resolve released tag
  * Post Restore Bun and build caches
  * Post Set up Node.js
  * Post Set up Bun
  * Post Check out repository and tags
✓ feat/owned-ip-check Release nobody396/gmshop-edge#81 · 34945861589
Triggered via workflow_dispatch about 16 minutes ago

JOBS
✓ Create release in 16m17s (ID 104305012181)
  ✓ Set up job
  ✓ Check out repository and tags
  ✓ Set up Bun
  ✓ Set up Node.js
  ✓ Restore Bun and build caches
  ✓ Install locked dependencies
  ✓ Run quality gate
  ✓ Run semantic-release
  ✓ Resolve released tag
  ✓ Post Restore Bun and build caches
  ✓ Post Set up Node.js
  ✓ Post Set up Bun
  ✓ Post Check out repository and tags
  ✓ Complete job
- Publish Docker image (ID 104309855563)
